Requirement already satisfied: pip in ./.venv/lib/python3.10/site-packages (22.0.2)
Collecting pip
  Using cached pip-26.2.1-py3-none-any.whl (1.8 MB)
Requirement already satisfied: setuptools in ./.venv/lib/python3.10/site-packages (59.6.0)
Collecting setuptools
  Using cached setuptools-84.0.0-py3-none-any.whl (818 kB)
Collecting wheel
  Using cached wheel-0.48.0-py3-none-any.whl (33 kB)
Collecting packaging>=24.0
  Using cached packaging-26.3-py3-none-any.whl (129 kB)
Installing collected packages: setuptools, pip, packaging, wheel
  Attempting uninstall: setuptools
    Found existing installation: setuptools 59.6.0
    Uninstalling setuptools-59.6.0:
      Successfully uninstalled setuptools-59.6.0
  Attempting uninstall: pip
    Found existing installation: pip 22.0.2
    Uninstalling pip-22.0.2:
      Successfully uninstalled pip-22.0.2
Successfully installed packaging-26.3 pip-26.2.1 setuptools-84.0.0 wheel-0.48.0
Obtaining file:///mnt/bigstore/claude_scratch/lane_framing2
  Installing build dependencies: started
  Installing build dependencies: finished with status 'done'
  Checking if build backend supports build_editable: started
  Checking if build backend supports build_editable: finished with status 'done'
  Getting requirements to build editable: started
  Getting requirements to build editable: finished with status 'done'
  Preparing editable metadata (pyproject.toml): started
  Preparing editable metadata (pyproject.toml): finished with status 'done'
Collecting cryptography>=42 (from proofbundle==6.0.0)
  Using cached cryptography-50.0.1-cp39-abi3-manylinux_2_34_x86_64.whl.metadata (4.3 kB)
Collecting rfc8785>=0.1.4 (from proofbundle==6.0.0)
  Using cached rfc8785-0.1.4-py3-none-any.whl.metadata (3.4 kB)
Collecting pytest>=7 (from proofbundle==6.0.0)
  Using cached pytest-9.1.1-py3-none-any.whl.metadata (7.6 kB)
Collecting hypothesis>=6 (from proofbundle==6.0.0)
  Using cached hypothesis-6.167.1-cp310-cp310-manylinux_2_17_x86_64.manylinux2014_x86_64.whl.metadata (5.7 kB)
Collecting PyYAML>=6 (from proofbundle==6.0.0)
  Using cached pyyaml-6.0.3-cp310-cp310-manylinux2014_x86_64.manylinux_2_17_x86_64.manylinux_2_28_x86_64.whl.metadata (2.4 kB)
Collecting jsonschema>=4 (from proofbundle==6.0.0)
  Using cached jsonschema-4.26.0-py3-none-any.whl.metadata (7.6 kB)
Collecting sd-jwt>=0.10 (from proofbundle==6.0.0)
  Using cached sd_jwt-0.10.4-py3-none-any.whl.metadata (8.2 kB)
Collecting ecdsa>=0.18 (from proofbundle==6.0.0)
  Using cached ecdsa-0.19.2-py2.py3-none-any.whl.metadata (29 kB)
Collecting rfc3161-client>=1.0.6 (from proofbundle==6.0.0)
  Using cached rfc3161_client-1.0.8-cp39-abi3-manylinux_2_17_x86_64.manylinux2014_x86_64.whl.metadata (5.0 kB)
Collecting opentimestamps<0.5,>=0.4.5 (from proofbundle==6.0.0)
  Using cached opentimestamps-0.4.5-py3-none-any.whl.metadata (1.7 kB)
Collecting pycryptodomex>=3.3.1 (from opentimestamps<0.5,>=0.4.5->proofbundle==6.0.0)
  Using cached pycryptodomex-3.23.0-cp37-abi3-manylinux_2_17_x86_64.manylinux2014_x86_64.whl.metadata (3.4 kB)
Collecting python-bitcoinlib<0.13.0,>=0.9.0 (from opentimestamps<0.5,>=0.4.5->proofbundle==6.0.0)
  Using cached python_bitcoinlib-0.12.2-py3-none-any.whl.metadata (4.4 kB)
Collecting cffi>=2.0.0 (from cryptography>=42->proofbundle==6.0.0)
  Using cached cffi-2.1.1-cp310-cp310-manylinux2014_x86_64.manylinux_2_17_x86_64.whl.metadata (2.5 kB)
Collecting typing-extensions>=4.13.2 (from cryptography>=42->proofbundle==6.0.0)
  Using cached typing_extensions-4.16.0-py3-none-any.whl.metadata (3.3 kB)
Collecting pycparser (from cffi>=2.0.0->cryptography>=42->proofbundle==6.0.0)
  Using cached pycparser-3.0-py3-none-any.whl.metadata (8.2 kB)
Collecting six>=1.9.0 (from ecdsa>=0.18->proofbundle==6.0.0)
  Using cached six-1.17.0-py2.py3-none-any.whl.metadata (1.7 kB)
Collecting exceptiongroup>=1.0.0 (from hypothesis>=6->proofbundle==6.0.0)
  Using cached exceptiongroup-1.3.1-py3-none-any.whl.metadata (6.7 kB)
Collecting sortedcontainers<3.0.0,>=2.1.0 (from hypothesis>=6->proofbundle==6.0.0)
  Using cached sortedcontainers-2.4.0-py2.py3-none-any.whl.metadata (10 kB)
Collecting attrs>=22.2.0 (from jsonschema>=4->proofbundle==6.0.0)
  Using cached attrs-26.1.0-py3-none-any.whl.metadata (8.8 kB)
Collecting jsonschema-specifications>=2023.03.6 (from jsonschema>=4->proofbundle==6.0.0)
  Using cached jsonschema_specifications-2025.9.1-py3-none-any.whl.metadata (2.9 kB)
Collecting referencing>=0.28.4 (from jsonschema>=4->proofbundle==6.0.0)
  Using cached referencing-0.37.0-py3-none-any.whl.metadata (2.8 kB)
Collecting rpds-py>=0.25.0 (from jsonschema>=4->proofbundle==6.0.0)
  Using cached rpds_py-0.30.0-cp310-cp310-manylinux_2_17_x86_64.manylinux2014_x86_64.whl.metadata (4.1 kB)
Collecting iniconfig>=1.0.1 (from pytest>=7->proofbundle==6.0.0)
  Using cached iniconfig-2.3.0-py3-none-any.whl.metadata (2.5 kB)
Requirement already satisfied: packaging>=22 in ./.venv/lib/python3.10/site-packages (from pytest>=7->proofbundle==6.0.0) (26.3)
Collecting pluggy<2,>=1.5 (from pytest>=7->proofbundle==6.0.0)
  Using cached pluggy-1.6.0-py3-none-any.whl.metadata (4.8 kB)
Collecting pygments>=2.7.2 (from pytest>=7->proofbundle==6.0.0)
  Using cached pygments-2.21.0-py3-none-any.whl.metadata (2.5 kB)
Collecting tomli>=1 (from pytest>=7->proofbundle==6.0.0)
  Using cached tomli-2.4.1-py3-none-any.whl.metadata (10 kB)
Collecting jwcrypto>=1.3.1 (from sd-jwt>=0.10->proofbundle==6.0.0)
  Using cached jwcrypto-1.6.0-py3-none-any.whl.metadata (3.4 kB)
Using cached opentimestamps-0.4.5-py3-none-any.whl (50 kB)
Using cached python_bitcoinlib-0.12.2-py3-none-any.whl (106 kB)
Using cached cryptography-50.0.1-cp39-abi3-manylinux_2_34_x86_64.whl (4.8 MB)
Using cached cffi-2.1.1-cp310-cp310-manylinux2014_x86_64.manylinux_2_17_x86_64.whl (218 kB)
Using cached ecdsa-0.19.2-py2.py3-none-any.whl (150 kB)
Using cached hypothesis-6.167.1-cp310-cp310-manylinux_2_17_x86_64.manylinux2014_x86_64.whl (1.2 MB)
Using cached sortedcontainers-2.4.0-py2.py3-none-any.whl (29 kB)
Using cached exceptiongroup-1.3.1-py3-none-any.whl (16 kB)
Using cached jsonschema-4.26.0-py3-none-any.whl (90 kB)
Using cached attrs-26.1.0-py3-none-any.whl (67 kB)
Using cached jsonschema_specifications-2025.9.1-py3-none-any.whl (18 kB)
Using cached pycryptodomex-3.23.0-cp37-abi3-manylinux_2_17_x86_64.manylinux2014_x86_64.whl (2.3 MB)
Using cached pytest-9.1.1-py3-none-any.whl (386 kB)
Using cached pluggy-1.6.0-py3-none-any.whl (20 kB)
Using cached iniconfig-2.3.0-py3-none-any.whl (7.5 kB)
Using cached pygments-2.21.0-py3-none-any.whl (1.3 MB)
Using cached pyyaml-6.0.3-cp310-cp310-manylinux2014_x86_64.manylinux_2_17_x86_64.manylinux_2_28_x86_64.whl (770 kB)
Using cached referencing-0.37.0-py3-none-any.whl (26 kB)
Using cached rfc3161_client-1.0.8-cp39-abi3-manylinux_2_17_x86_64.manylinux2014_x86_64.whl (2.4 MB)
Using cached rfc8785-0.1.4-py3-none-any.whl (9.2 kB)
Using cached rpds_py-0.30.0-cp310-cp310-manylinux_2_17_x86_64.manylinux2014_x86_64.whl (390 kB)
Using cached sd_jwt-0.10.4-py3-none-any.whl (27 kB)
Using cached jwcrypto-1.6.0-py3-none-any.whl (121 kB)
Using cached six-1.17.0-py2.py3-none-any.whl (11 kB)
Using cached tomli-2.4.1-py3-none-any.whl (14 kB)
Using cached typing_extensions-4.16.0-py3-none-any.whl (45 kB)
Using cached pycparser-3.0-py3-none-any.whl (48 kB)
Building wheels for collected packages: proofbundle
  Building editable for proofbundle (pyproject.toml): started
  Building editable for proofbundle (pyproject.toml): finished with status 'done'
  Created wheel for proofbundle: filename=proofbundle-6.0.0-0.editable-py3-none-any.whl size=8791 sha256=eafda0b05d30c5ad90b0b398fd263ce7800a7d964f139a8b9aef9b34736cda0b
  Stored in directory: /tmp/pip-ephem-wheel-cache-57pd2ndt/wheels/03/64/23/de055b9d633002b4c96cb170625d61359ed8554e139062f416
Successfully built proofbundle
Installing collected packages: sortedcontainers, python-bitcoinlib, typing-extensions, tomli, six, rpds-py, rfc8785, PyYAML, pygments, pycryptodomex, pycparser, pluggy, iniconfig, attrs, referencing, opentimestamps, exceptiongroup, ecdsa, cffi, pytest, jsonschema-specifications, hypothesis, cryptography, rfc3161-client, proofbundle, jwcrypto, jsonschema, sd-jwt

Successfully installed PyYAML-6.0.3 attrs-26.1.0 cffi-2.1.1 cryptography-50.0.1 ecdsa-0.19.2 exceptiongroup-1.3.1 hypothesis-6.167.1 iniconfig-2.3.0 jsonschema-4.26.0 jsonschema-specifications-2025.9.1 jwcrypto-1.6.0 opentimestamps-0.4.5 pluggy-1.6.0 proofbundle-6.0.0 pycparser-3.0 pycryptodomex-3.23.0 pygments-2.21.0 pytest-9.1.1 python-bitcoinlib-0.12.2 referencing-0.37.0 rfc3161-client-1.0.8 rfc8785-0.1.4 rpds-py-0.30.0 sd-jwt-0.10.4 six-1.17.0 sortedcontainers-2.4.0 tomli-2.4.1 typing-extensions-4.16.0
PIP_INSTALL_RC=0
DONE_MARKER
