Collecting inspect_ai<=0.3.261
  Using cached inspect_ai-0.3.261-py3-none-any.whl.metadata (8.8 kB)
Collecting agent-client-protocol>=0.12.0 (from inspect_ai<=0.3.261)
  Using cached agent_client_protocol-0.12.1-py3-none-any.whl.metadata (5.8 kB)
Collecting aioboto3>=13.0.0 (from inspect_ai<=0.3.261)
  Using cached aioboto3-15.5.0-py3-none-any.whl.metadata (8.9 kB)
Collecting anyio>=4.14.0 (from inspect_ai<=0.3.261)
  Using cached anyio-4.15.1-py3-none-any.whl.metadata (4.7 kB)
Collecting beautifulsoup4>=4.10.0 (from inspect_ai<=0.3.261)
  Using cached beautifulsoup4-4.15.0-py3-none-any.whl.metadata (3.8 kB)
Collecting boto3 (from inspect_ai<=0.3.261)
  Using cached boto3-1.43.89-py3-none-any.whl.metadata (6.6 kB)
Collecting click!=8.2.0,!=8.2.2,!=8.3.0,!=8.3.1,>=8.1.3 (from inspect_ai<=0.3.261)
  Using cached click-8.5.0-py3-none-any.whl.metadata (2.6 kB)
Collecting debugpy (from inspect_ai<=0.3.261)
  Using cached debugpy-1.8.21-cp310-cp310-manylinux_2_34_x86_64.whl.metadata (1.4 kB)
Collecting docstring-parser>=0.16 (from inspect_ai<=0.3.261)
  Using cached docstring_parser-0.18.0-py3-none-any.whl.metadata (3.5 kB)
Requirement already satisfied: exceptiongroup>=1.0.2 in ./.venv/lib/python3.10/site-packages (from inspect_ai<=0.3.261) (1.3.1)
Collecting fastapi>=0.119.0 (from inspect_ai<=0.3.261)
  Using cached fastapi-0.141.1-py3-none-any.whl.metadata (27 kB)
Collecting fsspec<=2025.9.0,>=2023.1.0 (from inspect_ai<=0.3.261)
  Using cached fsspec-2025.9.0-py3-none-any.whl.metadata (10 kB)
Collecting httpx (from inspect_ai<=0.3.261)
  Using cached httpx-0.28.1-py3-none-any.whl.metadata (7.1 kB)
Collecting ijson>=3.2.0 (from inspect_ai<=0.3.261)
  Using cached ijson-3.5.1-cp310-cp310-manylinux2014_x86_64.manylinux_2_17_x86_64.manylinux_2_28_x86_64.whl.metadata (23 kB)
Collecting jsonlines>=3.0.0 (from inspect_ai<=0.3.261)
  Using cached jsonlines-4.0.0-py3-none-any.whl.metadata (1.6 kB)
Collecting jsonpatch>=1.32 (from inspect_ai<=0.3.261)
  Using cached jsonpatch-1.33-py2.py3-none-any.whl.metadata (3.0 kB)
Collecting jsonpath-ng>=1.8.0 (from inspect_ai<=0.3.261)
  Using cached jsonpath_ng-1.8.0-py3-none-any.whl.metadata (18 kB)
Collecting jsonref>=1.1.0 (from inspect_ai<=0.3.261)
  Using cached jsonref-1.1.0-py3-none-any.whl.metadata (2.7 kB)
Requirement already satisfied: jsonschema>3.1.1 in ./.venv/lib/python3.10/site-packages (from inspect_ai<=0.3.261) (4.26.0)
Collecting mmh3>3.1.0 (from inspect_ai<=0.3.261)
  Using cached mmh3-5.3.0-cp310-cp310-manylinux1_x86_64.manylinux_2_28_x86_64.manylinux_2_5_x86_64.whl.metadata (14 kB)
Collecting nest_asyncio2>=1.7.2 (from inspect_ai<=0.3.261)
  Using cached nest_asyncio2-1.7.2-py3-none-any.whl.metadata (6.3 kB)
Collecting numpy (from inspect_ai<=0.3.261)
  Using cached numpy-2.2.6-cp310-cp310-manylinux_2_17_x86_64.manylinux2014_x86_64.whl.metadata (62 kB)
Collecting platformdirs>=2.3.0 (from inspect_ai<=0.3.261)
  Using cached platformdirs-4.11.7-py3-none-any.whl.metadata (5.5 kB)
Collecting psutil (from inspect_ai<=0.3.261)
  Using cached psutil-7.2.2-cp36-abi3-manylinux2010_x86_64.manylinux_2_12_x86_64.manylinux_2_28_x86_64.whl.metadata (22 kB)
Collecting pydantic>=2.13.0 (from inspect_ai<=0.3.261)
  Using cached pydantic-2.13.5-py3-none-any.whl.metadata (110 kB)
Collecting python-dotenv>=0.16.0 (from inspect_ai<=0.3.261)
  Using cached python_dotenv-1.2.3-py3-none-any.whl.metadata (29 kB)
Requirement already satisfied: pyyaml in ./.venv/lib/python3.10/site-packages (from inspect_ai<=0.3.261) (6.0.3)
Collecting rich!=14.0.0,>=13.3.3 (from inspect_ai<=0.3.261)
  Using cached rich-15.0.0-py3-none-any.whl.metadata (18 kB)
Collecting s3fs>=2023 (from inspect_ai<=0.3.261)
  Using cached s3fs-2026.7.0-py3-none-any.whl.metadata (1.2 kB)
Collecting semver>=3.0.0 (from inspect_ai<=0.3.261)
  Using cached semver-3.0.4-py3-none-any.whl.metadata (6.8 kB)
Collecting shortuuid (from inspect_ai<=0.3.261)
  Using cached shortuuid-1.0.13-py3-none-any.whl.metadata (5.8 kB)
Collecting sniffio (from inspect_ai<=0.3.261)
  Using cached sniffio-1.3.1-py3-none-any.whl.metadata (3.9 kB)
Collecting tenacity (from inspect_ai<=0.3.261)
  Using cached tenacity-9.1.4-py3-none-any.whl.metadata (1.2 kB)
Collecting textual>=6.2.0 (from inspect_ai<=0.3.261)
  Using cached textual-8.2.8-py3-none-any.whl.metadata (9.1 kB)
Collecting tiktoken>=0.12.0 (from inspect_ai<=0.3.261)
  Using cached tiktoken-0.14.0-cp310-cp310-manylinux_2_28_x86_64.whl.metadata (6.7 kB)
Requirement already satisfied: typing_extensions>=4.14.0 in ./.venv/lib/python3.10/site-packages (from inspect_ai<=0.3.261) (4.16.0)
Collecting universal-pathlib>=0.2.6 (from inspect_ai<=0.3.261)
  Using cached universal_pathlib-0.3.10-py3-none-any.whl.metadata (39 kB)
Collecting uvicorn (from inspect_ai<=0.3.261)
  Using cached uvicorn-0.52.4-py3-none-any.whl.metadata (6.6 kB)
Collecting zipfile-zstd>=0.0.4 (from inspect_ai<=0.3.261)
  Using cached zipfile_zstd-0.0.4-py3-none-any.whl.metadata (2.0 kB)
Collecting zipp>=3.19.1 (from inspect_ai<=0.3.261)
  Using cached zipp-4.1.0-py3-none-any.whl.metadata (3.6 kB)
Collecting zstandard>=0.20.0 (from inspect_ai<=0.3.261)
  Using cached zstandard-0.25.0-cp310-cp310-manylinux2014_x86_64.manylinux_2_17_x86_64.whl.metadata (3.3 kB)
Collecting aiobotocore==2.25.1 (from aiobotocore[boto3]==2.25.1->aioboto3>=13.0.0->inspect_ai<=0.3.261)
  Using cached aiobotocore-2.25.1-py3-none-any.whl.metadata (25 kB)
Collecting aiofiles>=23.2.1 (from aioboto3>=13.0.0->inspect_ai<=0.3.261)
  Using cached aiofiles-25.1.0-py3-none-any.whl.metadata (6.3 kB)
Collecting aiohttp<4.0.0,>=3.9.2 (from aiobotocore==2.25.1->aiobotocore[boto3]==2.25.1->aioboto3>=13.0.0->inspect_ai<=0.3.261)
  Using cached aiohttp-3.14.3-cp310-cp310-manylinux2014_x86_64.manylinux_2_17_x86_64.manylinux_2_28_x86_64.whl.metadata (8.3 kB)
Collecting aioitertools<1.0.0,>=0.5.1 (from aiobotocore==2.25.1->aiobotocore[boto3]==2.25.1->aioboto3>=13.0.0->inspect_ai<=0.3.261)
  Using cached aioitertools-0.13.0-py3-none-any.whl.metadata (3.3 kB)
Collecting botocore<1.40.62,>=1.40.46 (from aiobotocore==2.25.1->aiobotocore[boto3]==2.25.1->aioboto3>=13.0.0->inspect_ai<=0.3.261)
  Using cached botocore-1.40.61-py3-none-any.whl.metadata (5.7 kB)
Collecting python-dateutil<3.0.0,>=2.1 (from aiobotocore==2.25.1->aiobotocore[boto3]==2.25.1->aioboto3>=13.0.0->inspect_ai<=0.3.261)
  Using cached python_dateutil-2.9.0.post0-py2.py3-none-any.whl.metadata (8.4 kB)
Collecting jmespath<2.0.0,>=0.7.1 (from aiobotocore==2.25.1->aiobotocore[boto3]==2.25.1->aioboto3>=13.0.0->inspect_ai<=0.3.261)
  Using cached jmespath-1.1.0-py3-none-any.whl.metadata (7.6 kB)
Collecting multidict<7.0.0,>=6.0.0 (from aiobotocore==2.25.1->aiobotocore[boto3]==2.25.1->aioboto3>=13.0.0->inspect_ai<=0.3.261)
  Using cached multidict-6.7.1-cp310-cp310-manylinux2014_x86_64.manylinux_2_17_x86_64.manylinux_2_28_x86_64.whl.metadata (5.3 kB)
Collecting wrapt<2.0.0,>=1.10.10 (from aiobotocore==2.25.1->aiobotocore[boto3]==2.25.1->aioboto3>=13.0.0->inspect_ai<=0.3.261)
  Using cached wrapt-1.17.3-cp310-cp310-manylinux1_x86_64.manylinux_2_28_x86_64.manylinux_2_5_x86_64.whl.metadata (6.4 kB)
Collecting boto3 (from inspect_ai<=0.3.261)
  Using cached boto3-1.40.61-py3-none-any.whl.metadata (6.6 kB)
Collecting aiohappyeyeballs>=2.5.0 (from aiohttp<4.0.0,>=3.9.2->aiobotocore==2.25.1->aiobotocore[boto3]==2.25.1->aioboto3>=13.0.0->inspect_ai<=0.3.261)
  Using cached aiohappyeyeballs-2.7.1-py3-none-any.whl.metadata (5.9 kB)
Collecting aiosignal>=1.4.0 (from aiohttp<4.0.0,>=3.9.2->aiobotocore==2.25.1->aiobotocore[boto3]==2.25.1->aioboto3>=13.0.0->inspect_ai<=0.3.261)
  Using cached aiosignal-1.4.0-py3-none-any.whl.metadata (3.7 kB)
Collecting async-timeout<6.0,>=4.0 (from aiohttp<4.0.0,>=3.9.2->aiobotocore==2.25.1->aiobotocore[boto3]==2.25.1->aioboto3>=13.0.0->inspect_ai<=0.3.261)
  Using cached async_timeout-5.0.1-py3-none-any.whl.metadata (5.1 kB)
Requirement already satisfied: attrs>=17.3.0 in ./.venv/lib/python3.10/site-packages (from aiohttp<4.0.0,>=3.9.2->aiobotocore==2.25.1->aiobotocore[boto3]==2.25.1->aioboto3>=13.0.0->inspect_ai<=0.3.261) (26.1.0)
Collecting frozenlist>=1.1.1 (from aiohttp<4.0.0,>=3.9.2->aiobotocore==2.25.1->aiobotocore[boto3]==2.25.1->aioboto3>=13.0.0->inspect_ai<=0.3.261)
  Using cached frozenlist-1.8.0-cp310-cp310-manylinux1_x86_64.manylinux_2_28_x86_64.manylinux_2_5_x86_64.whl.metadata (20 kB)
Collecting propcache>=0.2.0 (from aiohttp<4.0.0,>=3.9.2->aiobotocore==2.25.1->aiobotocore[boto3]==2.25.1->aioboto3>=13.0.0->inspect_ai<=0.3.261)
  Using cached propcache-0.5.2-cp310-cp310-manylinux2014_x86_64.manylinux_2_17_x86_64.manylinux_2_28_x86_64.whl.metadata (16 kB)
Collecting yarl<2.0,>=1.17.0 (from aiohttp<4.0.0,>=3.9.2->aiobotocore==2.25.1->aiobotocore[boto3]==2.25.1->aioboto3>=13.0.0->inspect_ai<=0.3.261)
  Using cached yarl-1.24.5-cp310-cp310-manylinux2014_x86_64.manylinux_2_17_x86_64.manylinux_2_28_x86_64.whl.metadata (103 kB)
Collecting s3transfer<0.15.0,>=0.14.0 (from boto3->inspect_ai<=0.3.261)
  Using cached s3transfer-0.14.0-py3-none-any.whl.metadata (1.7 kB)
Collecting urllib3!=2.2.0,<3,>=1.25.4 (from botocore<1.40.62,>=1.40.46->aiobotocore==2.25.1->aiobotocore[boto3]==2.25.1->aioboto3>=13.0.0->inspect_ai<=0.3.261)
  Using cached urllib3-2.7.0-py3-none-any.whl.metadata (6.9 kB)
Requirement already satisfied: six>=1.5 in ./.venv/lib/python3.10/site-packages (from python-dateutil<3.0.0,>=2.1->aiobotocore==2.25.1->aiobotocore[boto3]==2.25.1->aioboto3>=13.0.0->inspect_ai<=0.3.261) (1.17.0)
Collecting idna>=2.0 (from yarl<2.0,>=1.17.0->aiohttp<4.0.0,>=3.9.2->aiobotocore==2.25.1->aiobotocore[boto3]==2.25.1->aioboto3>=13.0.0->inspect_ai<=0.3.261)
  Using cached idna-3.19-py3-none-any.whl.metadata (9.2 kB)
Collecting soupsieve>=1.6.1 (from beautifulsoup4>=4.10.0->inspect_ai<=0.3.261)
  Using cached soupsieve-2.9.2-py3-none-any.whl.metadata (4.6 kB)
Collecting starlette>=0.46.0 (from fastapi>=0.119.0->inspect_ai<=0.3.261)
  Using cached starlette-1.6.0-py3-none-any.whl.metadata (6.4 kB)
Collecting typing-inspection>=0.4.2 (from fastapi>=0.119.0->inspect_ai<=0.3.261)
  Using cached typing_inspection-0.4.4-py3-none-any.whl.metadata (2.6 kB)
Collecting annotated-doc>=0.0.2 (from fastapi>=0.119.0->inspect_ai<=0.3.261)
  Using cached annotated_doc-0.0.5-py3-none-any.whl.metadata (6.5 kB)
Collecting jsonpointer>=1.9 (from jsonpatch>=1.32->inspect_ai<=0.3.261)
  Using cached jsonpointer-3.1.1-py3-none-any.whl.metadata (2.4 kB)
Requirement already satisfied: jsonschema-specifications>=2023.03.6 in ./.venv/lib/python3.10/site-packages (from jsonschema>3.1.1->inspect_ai<=0.3.261) (2025.9.1)
Requirement already satisfied: referencing>=0.28.4 in ./.venv/lib/python3.10/site-packages (from jsonschema>3.1.1->inspect_ai<=0.3.261) (0.37.0)
Requirement already satisfied: rpds-py>=0.25.0 in ./.venv/lib/python3.10/site-packages (from jsonschema>3.1.1->inspect_ai<=0.3.261) (0.30.0)
Collecting annotated-types>=0.6.0 (from pydantic>=2.13.0->inspect_ai<=0.3.261)
  Using cached annotated_types-0.8.0-py3-none-any.whl.metadata (15 kB)
Collecting pydantic-core==2.46.5 (from pydantic>=2.13.0->inspect_ai<=0.3.261)
  Using cached pydantic_core-2.46.5-cp310-cp310-manylinux_2_17_x86_64.manylinux2014_x86_64.whl.metadata (6.6 kB)
Collecting markdown-it-py>=2.2.0 (from rich!=14.0.0,>=13.3.3->inspect_ai<=0.3.261)
  Using cached markdown_it_py-4.2.0-py3-none-any.whl.metadata (7.4 kB)
Requirement already satisfied: pygments<3.0.0,>=2.13.0 in ./.venv/lib/python3.10/site-packages (from rich!=14.0.0,>=13.3.3->inspect_ai<=0.3.261) (2.21.0)
Collecting mdurl~=0.1 (from markdown-it-py>=2.2.0->rich!=14.0.0,>=13.3.3->inspect_ai<=0.3.261)
  Using cached mdurl-0.1.2-py3-none-any.whl.metadata (1.6 kB)
INFO: pip is looking at multiple versions of s3fs to determine which version is compatible with other requirements. This could take a while.
Collecting s3fs>=2023 (from inspect_ai<=0.3.261)
  Using cached s3fs-2026.6.0-py3-none-any.whl.metadata (1.2 kB)
  Using cached s3fs-2026.4.0-py3-none-any.whl.metadata (1.2 kB)
  Using cached s3fs-2026.3.0-py3-none-any.whl.metadata (1.2 kB)
  Using cached s3fs-2026.2.0-py3-none-any.whl.metadata (1.2 kB)
  Using cached s3fs-2026.1.0-py3-none-any.whl.metadata (1.2 kB)
  Using cached s3fs-2025.12.0-py3-none-any.whl.metadata (1.2 kB)
  Using cached s3fs-2025.10.0-py3-none-any.whl.metadata (1.4 kB)
INFO: pip is still looking at multiple versions of s3fs to determine which version is compatible with other requirements. This could take a while.
  Using cached s3fs-2025.9.0-py3-none-any.whl.metadata (1.4 kB)
Collecting mdit-py-plugins (from textual>=6.2.0->inspect_ai<=0.3.261)
  Using cached mdit_py_plugins-0.6.1-py3-none-any.whl.metadata (2.9 kB)
Collecting linkify-it-py<3,>=1 (from markdown-it-py[linkify]>=2.1.0->textual>=6.2.0->inspect_ai<=0.3.261)
  Using cached linkify_it_py-2.2.0-py3-none-any.whl.metadata (8.6 kB)
Collecting regex (from tiktoken>=0.12.0->inspect_ai<=0.3.261)
  Using cached regex-2026.9.3-cp310-cp310-manylinux2014_x86_64.manylinux_2_17_x86_64.manylinux_2_28_x86_64.whl.metadata (40 kB)
Collecting requests (from tiktoken>=0.12.0->inspect_ai<=0.3.261)
  Using cached requests-2.34.2-py3-none-any.whl.metadata (4.8 kB)
Collecting pathlib-abc<0.6.0,>=0.5.1 (from universal-pathlib>=0.2.6->inspect_ai<=0.3.261)
  Using cached pathlib_abc-0.5.2-py3-none-any.whl.metadata (4.6 kB)
Collecting certifi (from httpx->inspect_ai<=0.3.261)
  Using cached certifi-2026.7.22-py3-none-any.whl.metadata (2.5 kB)
Collecting httpcore==1.* (from httpx->inspect_ai<=0.3.261)
  Using cached httpcore-1.0.9-py3-none-any.whl.metadata (21 kB)
Collecting h11>=0.16 (from httpcore==1.*->httpx->inspect_ai<=0.3.261)
  Using cached h11-0.16.0-py3-none-any.whl.metadata (8.3 kB)
Collecting charset_normalizer<4,>=2 (from requests->tiktoken>=0.12.0->inspect_ai<=0.3.261)
  Using cached charset_normalizer-3.5.1-cp310-cp310-manylinux2014_x86_64.manylinux_2_17_x86_64.manylinux_2_28_x86_64.whl.metadata (45 kB)
Using cached inspect_ai-0.3.261-py3-none-any.whl (34.1 MB)
Using cached fsspec-2025.9.0-py3-none-any.whl (199 kB)
Using cached agent_client_protocol-0.12.1-py3-none-any.whl (85 kB)
Using cached aioboto3-15.5.0-py3-none-any.whl (35 kB)
Using cached aiobotocore-2.25.1-py3-none-any.whl (86 kB)
Using cached aiohttp-3.14.3-cp310-cp310-manylinux2014_x86_64.manylinux_2_17_x86_64.manylinux_2_28_x86_64.whl (1.7 MB)
Using cached aioitertools-0.13.0-py3-none-any.whl (24 kB)
Using cached async_timeout-5.0.1-py3-none-any.whl (6.2 kB)
Using cached boto3-1.40.61-py3-none-any.whl (139 kB)
Using cached botocore-1.40.61-py3-none-any.whl (14.1 MB)
Using cached jmespath-1.1.0-py3-none-any.whl (20 kB)
Using cached multidict-6.7.1-cp310-cp310-manylinux2014_x86_64.manylinux_2_17_x86_64.manylinux_2_28_x86_64.whl (243 kB)
Using cached python_dateutil-2.9.0.post0-py2.py3-none-any.whl (229 kB)
Using cached s3transfer-0.14.0-py3-none-any.whl (85 kB)
Using cached urllib3-2.7.0-py3-none-any.whl (131 kB)
Using cached wrapt-1.17.3-cp310-cp310-manylinux1_x86_64.manylinux_2_28_x86_64.manylinux_2_5_x86_64.whl (81 kB)
Using cached yarl-1.24.5-cp310-cp310-manylinux2014_x86_64.manylinux_2_17_x86_64.manylinux_2_28_x86_64.whl (110 kB)
Using cached aiofiles-25.1.0-py3-none-any.whl (14 kB)
Using cached aiohappyeyeballs-2.7.1-py3-none-any.whl (15 kB)
Using cached aiosignal-1.4.0-py3-none-any.whl (7.5 kB)
Using cached anyio-4.15.1-py3-none-any.whl (132 kB)
Using cached beautifulsoup4-4.15.0-py3-none-any.whl (109 kB)
Using cached click-8.5.0-py3-none-any.whl (125 kB)
Using cached docstring_parser-0.18.0-py3-none-any.whl (22 kB)
Using cached fastapi-0.141.1-py3-none-any.whl (131 kB)
Using cached annotated_doc-0.0.5-py3-none-any.whl (5.3 kB)
Using cached frozenlist-1.8.0-cp310-cp310-manylinux1_x86_64.manylinux_2_28_x86_64.manylinux_2_5_x86_64.whl (219 kB)
Using cached idna-3.19-py3-none-any.whl (68 kB)
Using cached ijson-3.5.1-cp310-cp310-manylinux2014_x86_64.manylinux_2_17_x86_64.manylinux_2_28_x86_64.whl (130 kB)
Using cached jsonlines-4.0.0-py3-none-any.whl (8.7 kB)
Using cached jsonpatch-1.33-py2.py3-none-any.whl (12 kB)
Using cached jsonpath_ng-1.8.0-py3-none-any.whl (67 kB)
Using cached jsonpointer-3.1.1-py3-none-any.whl (7.7 kB)
Using cached jsonref-1.1.0-py3-none-any.whl (9.4 kB)
Using cached mmh3-5.3.0-cp310-cp310-manylinux1_x86_64.manylinux_2_28_x86_64.manylinux_2_5_x86_64.whl (101 kB)
Using cached nest_asyncio2-1.7.2-py3-none-any.whl (7.8 kB)
Using cached platformdirs-4.11.7-py3-none-any.whl (23 kB)
Using cached propcache-0.5.2-cp310-cp310-manylinux2014_x86_64.manylinux_2_17_x86_64.manylinux_2_28_x86_64.whl (60 kB)
Using cached pydantic-2.13.5-py3-none-any.whl (472 kB)
Using cached pydantic_core-2.46.5-cp310-cp310-manylinux_2_17_x86_64.manylinux2014_x86_64.whl (2.1 MB)
Using cached annotated_types-0.8.0-py3-none-any.whl (13 kB)
Using cached python_dotenv-1.2.3-py3-none-any.whl (22 kB)
Using cached rich-15.0.0-py3-none-any.whl (310 kB)
Using cached markdown_it_py-4.2.0-py3-none-any.whl (91 kB)
Using cached mdurl-0.1.2-py3-none-any.whl (10.0 kB)
Using cached s3fs-2025.9.0-py3-none-any.whl (30 kB)
Using cached semver-3.0.4-py3-none-any.whl (17 kB)
Using cached soupsieve-2.9.2-py3-none-any.whl (37 kB)
Using cached starlette-1.6.0-py3-none-any.whl (75 kB)
Using cached textual-8.2.8-py3-none-any.whl (731 kB)
Using cached linkify_it_py-2.2.0-py3-none-any.whl (21 kB)
Using cached tiktoken-0.14.0-cp310-cp310-manylinux_2_28_x86_64.whl (1.2 MB)
Using cached typing_inspection-0.4.4-py3-none-any.whl (14 kB)
Using cached universal_pathlib-0.3.10-py3-none-any.whl (83 kB)
Using cached pathlib_abc-0.5.2-py3-none-any.whl (19 kB)
Using cached zipfile_zstd-0.0.4-py3-none-any.whl (4.1 kB)
Using cached zipp-4.1.0-py3-none-any.whl (10 kB)
Using cached zstandard-0.25.0-cp310-cp310-manylinux2014_x86_64.manylinux_2_17_x86_64.whl (5.6 MB)
Using cached debugpy-1.8.21-cp310-cp310-manylinux_2_34_x86_64.whl (3.0 MB)
Using cached httpx-0.28.1-py3-none-any.whl (73 kB)
Using cached httpcore-1.0.9-py3-none-any.whl (78 kB)
Using cached h11-0.16.0-py3-none-any.whl (37 kB)
Using cached certifi-2026.7.22-py3-none-any.whl (136 kB)
Using cached mdit_py_plugins-0.6.1-py3-none-any.whl (66 kB)
Using cached numpy-2.2.6-cp310-cp310-manylinux_2_17_x86_64.manylinux2014_x86_64.whl (16.8 MB)
Using cached psutil-7.2.2-cp36-abi3-manylinux2010_x86_64.manylinux_2_12_x86_64.manylinux_2_28_x86_64.whl (155 kB)
Using cached regex-2026.9.3-cp310-cp310-manylinux2014_x86_64.manylinux_2_17_x86_64.manylinux_2_28_x86_64.whl (793 kB)
Using cached requests-2.34.2-py3-none-any.whl (73 kB)
Using cached charset_normalizer-3.5.1-cp310-cp310-manylinux2014_x86_64.manylinux_2_17_x86_64.manylinux_2_28_x86_64.whl (261 kB)
Using cached shortuuid-1.0.13-py3-none-any.whl (10 kB)
Using cached sniffio-1.3.1-py3-none-any.whl (10 kB)
Using cached tenacity-9.1.4-py3-none-any.whl (28 kB)
Using cached uvicorn-0.52.4-py3-none-any.whl (79 kB)
Installing collected packages: jsonpath-ng, zstandard, zipp, wrapt, urllib3, typing-inspection, tenacity, soupsieve, sniffio, shortuuid, semver, regex, python-dotenv, python-dateutil, pydantic-core, psutil, propcache, platformdirs, pathlib-abc, numpy, nest_asyncio2, multidict, mmh3, mdurl, linkify-it-py, jsonref, jsonpointer, jsonlines, jmespath, ijson, idna, h11, fsspec, frozenlist, docstring-parser, debugpy, click, charset_normalizer, certifi, async-timeout, annotated-types, annotated-doc, aioitertools, aiohappyeyeballs, aiofiles, zipfile-zstd, yarl, uvicorn, universal-pathlib, requests, pydantic, markdown-it-py, jsonpatch, httpcore, botocore, beautifulsoup4, anyio, aiosignal, tiktoken, starlette, s3transfer, rich, mdit-py-plugins, httpx, aiohttp, agent-client-protocol, textual, fastapi, boto3, aiobotocore, s3fs, aioboto3, inspect_ai

Successfully installed agent-client-protocol-0.12.1 aioboto3-15.5.0 aiobotocore-2.25.1 aiofiles-25.1.0 aiohappyeyeballs-2.7.1 aiohttp-3.14.3 aioitertools-0.13.0 aiosignal-1.4.0 annotated-doc-0.0.5 annotated-types-0.8.0 anyio-4.15.1 async-timeout-5.0.1 beautifulsoup4-4.15.0 boto3-1.40.61 botocore-1.40.61 certifi-2026.7.22 charset_normalizer-3.5.1 click-8.5.0 debugpy-1.8.21 docstring-parser-0.18.0 fastapi-0.141.1 frozenlist-1.8.0 fsspec-2025.9.0 h11-0.16.0 httpcore-1.0.9 httpx-0.28.1 idna-3.19 ijson-3.5.1 inspect_ai-0.3.261 jmespath-1.1.0 jsonlines-4.0.0 jsonpatch-1.33 jsonpath-ng-1.8.0 jsonpointer-3.1.1 jsonref-1.1.0 linkify-it-py-2.2.0 markdown-it-py-4.2.0 mdit-py-plugins-0.6.1 mdurl-0.1.2 mmh3-5.3.0 multidict-6.7.1 nest_asyncio2-1.7.2 numpy-2.2.6 pathlib-abc-0.5.2 platformdirs-4.11.7 propcache-0.5.2 psutil-7.2.2 pydantic-2.13.5 pydantic-core-2.46.5 python-dateutil-2.9.0.post0 python-dotenv-1.2.3 regex-2026.9.3 requests-2.34.2 rich-15.0.0 s3fs-2025.9.0 s3transfer-0.14.0 semver-3.0.4 shortuuid-1.0.13 sniffio-1.3.1 soupsieve-2.9.2 starlette-1.6.0 tenacity-9.1.4 textual-8.2.8 tiktoken-0.14.0 typing-inspection-0.4.4 universal-pathlib-0.3.10 urllib3-2.7.0 uvicorn-0.52.4 wrapt-1.17.3 yarl-1.24.5 zipfile-zstd-0.0.4 zipp-4.1.0 zstandard-0.25.0
pip_rc=0
