=== Vollsuite auf framing2, selbst gefahren ===
Erzeugt: 2026-09-05T21:50:42Z  Konto kraxo, eigener Worktree
HEAD: 81bd68164b74e5fd8282b9c06bc4fd9a01943d7d
git status:
?? vollsuite_framing2_raw.log
Lastmittel: 29.08 40.22 37.70
--- VOLLSUITE ---
......................................... [  1%]
.................................................. [  2%]
........................................................................ [  4%]
.......................................... [  5%]
........................................................................ [  7%]
................................................................. [  9%]
.......................................................................................................... [ 12%]
.............................................................. [ 14%]
.................................................. [ 15%]
........................................................................ [ 17%]
........................................................................ [ 19%]
..................................
Dimension                Limit    CPU@L  Exp(Zeit)  Exp(Arbeit)  Arbeit empf.  Flaeche
input_bytes            8388608   0.0084       0.99         0.32          True  _strict_json.loads_strict
json_nodes              200000   0.0712       1.12         1.00          True  _strict_json.loads_strict
json_depth                  64   0.0000       0.40         0.90          True  _strict_json.loads_strict
string_len             1000000   0.0012       0.92         0.00         False  _strict_json.loads_strict
signatures                 512   0.0013       0.76         0.99          True  dsse.verify_envelope
merkle_path                256   0.0003       0.91         0.78          True  merkle.verify_inclusion
disclosures                256   0.0038       0.86         0.98          True  sdjwt.verify_sd_jwt
renewal_ats_chain        10000   0.0466       0.96         1.00          True  renewal.verify_sequence
witnesses                  256   0.0014       0.91         0.98          True  trust_pack.validate_trust_pack_predicate
int_bits                  8192   0.0044       1.16         0.00         False  merkle.verify_inclusion
...................................... [ 21%]
........................................................................ [ 23%]
........................................................................ [ 25%]
.......................................................... [ 27%]
........................................................................ [ 29%]
........................................................................ [ 31%]
.................................................................................... [ 33%]
.......................................................... [ 35%]
.......................................... [ 36%]
........................................................................ [ 38%]
.......................................sss...................................... [ 40%]
........................................................................ [ 42%]
........................................................................ [ 44%]
...................................................................ssss.ss.s.ssssss................................... [ 48%]
.................................................... [ 49%]
.............................................. [ 51%]
................................................................... [ 52%]
....s................................................................... [ 54%]
....................................................................................... [ 57%]
......................ssss.............................................. [ 59%]
.............................................................. [ 61%]
...................................................................................................... [ 64%]
........................................................ [ 65%]
................................................................................................................................................................................................... [ 71%]
..............................s......................................... [ 73%]
..............s...............s......................................... [ 75%]
........................................................................ [ 77%]
........................................................................ [ 79%]
........................................................................ [ 81%]
.................................................................. [ 83%]
........................................................................ [ 85%]
.................................................................. [ 86%]
........................................................................ [ 88%]
........................................................ [ 90%]
.......................................................................................................................... [ 93%]
........................................................................ [ 95%]
...................... [ 96%]
............................................................................................... [ 99%]
............................                                             [100%]
3538 passed, 24 skipped, 930 subtests passed in 1777.58s (0:29:37)
EXIT_CODE=0
