=== EVIDENCE PUNKT 1+3: Vollsuite-Rohausgang auf dem wirklichen Framing-Lane-Kopf ===
Zweck: Beleg fuer externen Review Runde 2, Framing-Lane, Punkte 1 und 3 (Belegarbeit, keine Code-Arbeit)
Erzeugt: 2026-09-05T20:48:00Z
Commit (voll):  defda6afba53f6c66bee49be1ebcb3816e2ff2c1
Commit (kurz):  defda6a
Referenz-Branch: fix/deepgate600/framing (HEAD ist identisch, detached checkout)
git status --porcelain=v1 (leer erwartet = sauberer Baum):
?? pip_setup_evidence.log
?? vollsuite_defda6a_raw.log
--- Ende Kopf ---

Python: Python 3.10.12
cryptography 50.0.1

......................................... [  1%]
.ssss............................................. [  2%]
........................................................................ [  4%]
.......................................... [  6%]
........................................................................ [  8%]
................................................................. [ 10%]
.......................................................................................................... [ 13%]
.............................................................. [ 14%]
.................................................. [ 16%]
........................................................................ [ 18%]
........................................................................ [ 20%]
........................................................................ [ 22%]
........................................................................ [ 24%]
.................................................................................................................................. [ 28%]
........................................................................ [ 30%]
.................................................................................... [ 33%]
......................................................s............................................. [ 36%]
........................................................................ [ 38%]
...............F..............sss............................................... [ 40%]
.ssssss..s.............................................................. [ 42%]
........................................................................ [ 44%]
.............................................. [ 46%]
............ssss.ss.s.ssssss................................................................................................ [ 49%]
............................................................................................................s.... [ 53%]
........................................................................ [ 55%]
................................. [ 56%]
...................................................... [ 57%]
.ssss................................................................................................................................. [ 61%]
.............................. [ 62%]
.................................................................... [ 64%]
.................................................... [ 66%]
................................................................ [ 68%]
.................................................. [ 69%]
...................................................................................... [ 72%]
............s.......................................................s... [ 74%]
............s........................................................... [ 76%]
........................................................................ [ 78%]
........................................................................ [ 80%]
.................................................................. [ 82%]
........................................................................ [ 84%]
.................................................................. [ 86%]
........................................................................ [ 88%]
......................................................... [ 90%]
.......................................................................................................................... [ 93%]
.............................................................................................. [ 96%]
............................................................................................... [ 99%]
...................                                                      [100%]
=================================== FAILURES ===================================
______ test_15_of_15_counterproofs_detected_with_green_positive_controls _______

    @pytest.mark.skipif(not _HAS_OTS, reason="needs proofbundle[anchors] (opentimestamps): the gate's "
                        "full surface population includes anchor OTS surfaces that only import with it")
    def test_15_of_15_counterproofs_detected_with_green_positive_controls():
        r = h.run()
        missed = [x["class"] for x in r["results"] if not x["detected"]]
        assert r["acceptance_all_classes_detected"], f"detection {r['detection_rate']}, missed: {missed}"
>       assert r["positive_controls_all_green"], r["positive_controls"]
E       AssertionError: [{'control': 'pre_tag_clean_receipt', 'passed': True}, {'control': 'audit_candidate_all_pass', 'passed': True}, {'cont...nfusion_real_population_complete', 'passed': False}, {'control': 'type_confusion_real_never_raise_ok', 'passed': True}]
E       assert False

tests/test_gate_qualification_harness.py:25: AssertionError
=========================== short test summary info ============================
FAILED tests/test_gate_qualification_harness.py::test_15_of_15_counterproofs_detected_with_green_positive_controls
1 failed, 3370 passed, 36 skipped, 932 subtests passed in 824.41s (0:13:44)
EXIT_CODE=1
PYTEST_DONE rc=1
